
Memory Configuration

Name             Origin             Length             Attributes
FLASH            0x0000000000050000 0x0000000000100000 xr
STACK            0x0000000000000000 0x0000000000000400 rw
RAM              0x0000000000000400 0x0000000000001000 xrw
*default*        0x0000000000000000 0xffffffffffffffff

Linker script and memory map

                0x0000000000000200                __heap_size = 0x200
                0x0000000000000400                __stack_size = 0x400

.text           0x0000000000050000     0x6238
                0x0000000000050000                . = ALIGN (0x4)
 *(.text)
 .text          0x0000000000050000      0x230 /tmp/ccIXTjxb.o
 .text          0x0000000000050230      0x164 /tmp/cc309DVI.o
                0x0000000000050230                play_simple_note
                0x000000000005028c                irq_handler
                0x00000000000502ec                main
 .text          0x0000000000050394      0x9bc /tmp/ccKtESog.o
                0x0000000000050394                songplayer_init
                0x0000000000050444                handle_percussion_div
                0x000000000005059c                divhandler
                0x00000000000509d8                handle_percussion_tick
                0x0000000000050ab4                tickhandler
                0x0000000000050c94                songplayer_tick
 .text          0x0000000000050d50        0x0 /tmp/ccnim5TN.o
 .text          0x0000000000050d50      0x118 /tmp/ccssfrrl.o
                0x0000000000050d50                putchar
                0x0000000000050da0                print
                0x0000000000050df0                print_hex
 *(.text*)
 *(.rodata)
 .rodata        0x0000000000050e68       0x63 /tmp/cc309DVI.o
 *fill*         0x0000000000050ecb        0x1 
 .rodata        0x0000000000050ecc      0x200 /tmp/ccKtESog.o
                0x0000000000050ecc                note_to_freq
 .rodata        0x00000000000510cc     0x5108 /tmp/ccnim5TN.o
                0x00000000000510cc                song_petergun
 .rodata        0x00000000000561d4       0x11 /tmp/ccssfrrl.o
 *(.rodata*)
 *(.srodata)
 *fill*         0x00000000000561e5        0x3 
 .srodata       0x00000000000561e8       0x50 /tmp/ccnim5TN.o
                0x00000000000561e8                envelope0
                0x00000000000561fc                envelope1
                0x0000000000056210                envelope2
                0x0000000000056224                envelope3
 *(.srodata*)
 *(.eh_frame)
 *(.eh_frame*)
                0x0000000000056238                . = ALIGN (0x4)
                0x0000000000056238                _etext = .
                0x0000000000056238                _sidata = _etext

.rela.dyn       0x0000000000056238        0x0
 .rela.text     0x0000000000056238        0x0 /tmp/ccIXTjxb.o

.data           0x0000000000000400       0x50 load address 0x0000000000056238
                0x0000000000000400                . = ALIGN (0x4)
                0x0000000000000400                _sdata = .
                0x0000000000000400                _ram_start = .
 *(.data)
 .data          0x0000000000000400        0x0 /tmp/ccIXTjxb.o
 .data          0x0000000000000400        0x0 /tmp/cc309DVI.o
 .data          0x0000000000000400       0x34 /tmp/ccKtESog.o
                0x0000000000000400                globalctrl
                0x0000000000000410                channelctrl
 .data          0x0000000000000434        0x0 /tmp/ccnim5TN.o
 .data          0x0000000000000434        0x0 /tmp/ccssfrrl.o
 *(.data*)
 *(.sdata)
 .sdata         0x0000000000000434       0x18 /tmp/cc309DVI.o
                0x0000000000000434                counter_frequency
                0x0000000000000438                led_state
                0x000000000000043c                set_irq_mask
                0x0000000000000444                set_timer_counter
 .sdata         0x000000000000044c        0x4 /tmp/ccKtESog.o
                0x000000000000044c                player_song
 *(.sdata*)
 *(.init_array)
 *(.init_array*)
                0x0000000000000450                . = ALIGN (0x4)
                0x0000000000000450                _edata = .

.bss            0x0000000000000450        0x0 load address 0x0000000000056288
 .bss           0x0000000000000450        0x0 /tmp/ccIXTjxb.o
 .bss           0x0000000000000450        0x0 /tmp/cc309DVI.o
 .bss           0x0000000000000450        0x0 /tmp/ccKtESog.o
 .bss           0x0000000000000450        0x0 /tmp/ccnim5TN.o
 .bss           0x0000000000000450        0x0 /tmp/ccssfrrl.o

.heap           0x0000000000000450        0x0
                0x0000000000000450                . = ALIGN (0x4)
                0x0000000000000450                _heap_start = .
LOAD /tmp/ccIXTjxb.o
LOAD /tmp/cc309DVI.o
LOAD /tmp/ccKtESog.o
LOAD /tmp/ccnim5TN.o
LOAD /tmp/ccssfrrl.o
OUTPUT(firmware.elf elf32-littleriscv)

.comment        0x0000000000000000       0x11
 .comment       0x0000000000000000       0x11 /tmp/cc309DVI.o
                                         0x12 (size before relaxing)
 .comment       0x0000000000000011       0x12 /tmp/ccKtESog.o
 .comment       0x0000000000000011       0x12 /tmp/ccnim5TN.o
 .comment       0x0000000000000011       0x12 /tmp/ccssfrrl.o

Cross Reference Table

Symbol                                            File
_edata                                            /tmp/ccIXTjxb.o
_sdata                                            /tmp/ccIXTjxb.o
_sidata                                           /tmp/ccIXTjxb.o
channelctrl                                       /tmp/ccKtESog.o
counter_frequency                                 /tmp/cc309DVI.o
divhandler                                        /tmp/ccKtESog.o
envelope0                                         /tmp/ccnim5TN.o
envelope1                                         /tmp/ccnim5TN.o
envelope2                                         /tmp/ccnim5TN.o
envelope3                                         /tmp/ccnim5TN.o
globalctrl                                        /tmp/ccKtESog.o
handle_percussion_div                             /tmp/ccKtESog.o
handle_percussion_tick                            /tmp/ccKtESog.o
init                                              /tmp/ccIXTjxb.o
irq_handler                                       /tmp/cc309DVI.o
                                                  /tmp/ccIXTjxb.o
led_state                                         /tmp/cc309DVI.o
main                                              /tmp/cc309DVI.o
                                                  /tmp/ccIXTjxb.o
note_to_freq                                      /tmp/ccKtESog.o
play_simple_note                                  /tmp/cc309DVI.o
player_song                                       /tmp/ccKtESog.o
print                                             /tmp/ccssfrrl.o
                                                  /tmp/cc309DVI.o
print_hex                                         /tmp/ccssfrrl.o
putchar                                           /tmp/ccssfrrl.o
set_irq_mask                                      /tmp/cc309DVI.o
set_timer_counter                                 /tmp/cc309DVI.o
song_petergun                                     /tmp/ccnim5TN.o
                                                  /tmp/cc309DVI.o
songplayer_init                                   /tmp/ccKtESog.o
                                                  /tmp/cc309DVI.o
songplayer_tick                                   /tmp/ccKtESog.o
                                                  /tmp/cc309DVI.o
tickhandler                                       /tmp/ccKtESog.o
