
Memory Configuration

Name             Origin             Length             Attributes
FLASH            0x0000000000050000 0x0000000000100000 xr
RAM              0x0000000000000000 0x0000000000002000 xrw
*default*        0x0000000000000000 0xffffffffffffffff

Linker script and memory map


.text           0x0000000000050000      0x370
                0x0000000000050000                . = ALIGN (0x4)
 *(.text)
 .text          0x0000000000050000      0x1c8 /tmp/ccEozXZV.o
 .text          0x00000000000501c8      0x146 /tmp/ccQmgCcB.o
                0x00000000000501c8                set_irq_mask
                0x00000000000501ce                putchar
                0x0000000000050200                print
                0x0000000000050236                main
 *(.text*)
 *(.rodata)
 *fill*         0x000000000005030e        0x2 
 .rodata        0x0000000000050310       0x5d /tmp/ccQmgCcB.o
 *(.rodata*)
 *(.srodata)
 *(.srodata*)
 *(.eh_frame)
 *(.eh_frame*)
                0x0000000000050370                . = ALIGN (0x4)
 *fill*         0x000000000005036d        0x3 
                0x0000000000050370                _etext = .
                0x0000000000050370                _sidata = _etext

.rela.dyn       0x0000000000050370        0x0
 .rela.text     0x0000000000050370        0x0 /tmp/ccEozXZV.o

.data           0x0000000000000000       0x14 load address 0x0000000000050370
                0x0000000000000000                . = ALIGN (0x4)
                0x0000000000000000                _sdata = .
                0x0000000000000000                _ram_start = .
 *(.data)
 .data          0x0000000000000000       0x14 /tmp/ccEozXZV.o
 .data          0x0000000000000014        0x0 /tmp/ccQmgCcB.o
 *(.data*)
 *(.sdata)
 *(.sdata*)
 *(.init_array)
 *(.init_array*)
                0x0000000000000014                . = ALIGN (0x4)
                0x0000000000000014                _edata = .

.bss            0x0000000000000014        0x0 load address 0x0000000000050384
                0x0000000000000014                . = ALIGN (0x4)
                0x0000000000000014                _sbss = .
 *(.bss)
 .bss           0x0000000000000014        0x0 /tmp/ccEozXZV.o
 .bss           0x0000000000000014        0x0 /tmp/ccQmgCcB.o
 *(.bss*)
 *(.sbss)
 *(.sbss*)
 *(COMMON)
                0x0000000000000014                . = ALIGN (0x4)
                0x0000000000000014                _ebss = .

.heap           0x0000000000000014        0x0
                0x0000000000000014                . = ALIGN (0x4)
                0x0000000000000014                _heap_start = .
LOAD /tmp/ccEozXZV.o
LOAD /tmp/ccQmgCcB.o
OUTPUT(firmware.elf elf32-littleriscv)

.comment        0x0000000000000000       0x11
 .comment       0x0000000000000000       0x11 /tmp/ccQmgCcB.o
                                         0x12 (size before relaxing)

Cross Reference Table

Symbol                                            File
_ebss                                             /tmp/ccQmgCcB.o
                                                  /tmp/ccEozXZV.o
_edata                                            /tmp/ccEozXZV.o
_sbss                                             /tmp/ccQmgCcB.o
                                                  /tmp/ccEozXZV.o
_sdata                                            /tmp/ccEozXZV.o
_sidata                                           /tmp/ccEozXZV.o
debug                                             /tmp/ccEozXZV.o
main                                              /tmp/ccQmgCcB.o
                                                  /tmp/ccEozXZV.o
print                                             /tmp/ccQmgCcB.o
putchar                                           /tmp/ccQmgCcB.o
set_irq_mask                                      /tmp/ccQmgCcB.o
